// Jest Snapshot v1, https://goo.gl/fbAQLP

exports[`Header functionality can change the value of the modal textarea and submit it 1`] = `
"Snapshot Diff:
- First value
+ Second value

@@ -70,11 +70,13 @@
                data-testid=\\"addPostText\\"
                maxlength=\\"280\\"
                name=\\"message\\"
                rows=\\"5\\"
                type=\\"text\\"
-             />
+             >
+               This is going to be a new post
+             </textarea>
            </div>
            <button
              class=\\"chirpButton
                whiteFont
                brownBackground"
`;

exports[`Header functionality can open add post modal and able to click and change theme 1`] = `
"Snapshot Diff:
- First value
+ Second value

@@ -46,11 +46,11 @@
        class=\\"headerBottom flexRowAround
                brownBackground
                undefined\\"
      >
        <div
-         class=\\"modal display-none\\"
+         class=\\"modalOpen\\"
          data-testid=\\"modal\\"
        >
          <section
            class=\\"modal-main
              whiteFont"
`;
